[preview.keenthemes.com/start/general/login.html]
[backblue.gif]
[fade.gif]
[index.html]
[preview.keenthemes.com/start/assets/plugins/global/plugins.bundle.css]
[preview.keenthemes.com/start/assets/css/style.bundle.css]
[preview.keenthemes.com/start/assets/plugins/global/plugins.bundle.js]
[preview.keenthemes.com/start/assets/js/scripts.bundle.js]
[preview.keenthemes.com/start/general/login.html]
[preview.keenthemes.com/start/assets/js/custom/general/login.js]
[preview.keenthemes.com/start/assets/plugins/global/fonts/@fortawesome/fa-brands-400.eot]
[preview.keenthemes.com/start/assets/plugins/global/fonts/@fortawesome/fa-brands-400d41d.eot]
[preview.keenthemes.com/start/assets/plugins/global/fonts/@fortawesome/fa-brands-400.woff2]
[preview.keenthemes.com/start/assets/plugins/global/fonts/@fortawesome/fa-brands-400.woff]
[preview.keenthemes.com/start/assets/plugins/global/fonts/@fortawesome/fa-brands-400.ttf]
[preview.keenthemes.com/start/assets/plugins/global/fonts/@fortawesome/fa-regular-400.eot]
[preview.keenthemes.com/start/assets/plugins/global/fonts/@fortawesome/fa-regular-400d41d.eot]
[preview.keenthemes.com/start/assets/plugins/global/fonts/@fortawesome/fa-regular-400.woff2]
[preview.keenthemes.com/start/assets/plugins/global/fonts/@fortawesome/fa-regular-400.woff]
[preview.keenthemes.com/start/assets/plugins/global/fonts/@fortawesome/fa-regular-400.ttf]
[preview.keenthemes.com/start/assets/plugins/global/fonts/@fortawesome/fa-solid-900.eot]
[preview.keenthemes.com/start/assets/plugins/global/fonts/@fortawesome/fa-solid-900d41d.eot]
[preview.keenthemes.com/start/assets/plugins/global/fonts/@fortawesome/fa-solid-900.woff2]
[preview.keenthemes.com/start/assets/plugins/global/fonts/@fortawesome/fa-solid-900.woff]
[preview.keenthemes.com/start/assets/plugins/global/fonts/@fortawesome/fa-solid-900.ttf]
[preview.keenthemes.com/start/assets/plugins/global/plugins.bundle.css]
[preview.keenthemes.com/start/assets/css/style.bundle.css]
[www.googletagmanager.com/gtm5445.html]
[preview.keenthemes.com/start/assets/plugins/global/fonts/@fortawesome/fa-brands-400.svg]
[preview.keenthemes.com/start/assets/plugins/global/fonts/@fortawesome/fa-regular-400.svg]
[preview.keenthemes.com/start/assets/plugins/global/fonts/@fortawesome/fa-solid-900.svg]
